Curly Quotes
------------

Here’s some ‘curly’ quotes and “double” curly quotes